
> attendant-scheduler@3.6.7 dev
> vite


  VITE v5.4.21  ready in 308 ms

  ➜  Local:   http://localhost:5173/
  ➜  Network: use --host to expose
Error:   Failed to scan for dependencies from entries:
  /app/VITE_VERSION.html
/app/index.html
/app/schedule.html

  [31m✘ [41;31m[[41;97mERROR[41;31m][0m [1mExpected ")" but found ".784399"[0m

    script:/app/VITE_VERSION.html?id=0:41:73194:
[37m      41 │ ...,602891725),x(3049323471,3.6[32m.784399[37m),x(3921009573,2173295548),x...
         │                                [32m~~~~~~~[37m
         ╵                                [32m)[0m


    at failureErrorWithLog (/app/node_modules/esbuild/lib/main.js:1472:15)
    at /app/node_modules/esbuild/lib/main.js:945:25
    at runOnEndCallbacks (/app/node_modules/esbuild/lib/main.js:1315:45)
    at buildResponseToResult (/app/node_modules/esbuild/lib/main.js:943:7)
    at /app/node_modules/esbuild/lib/main.js:955:9
    at new Promise (<anonymous>)
    at requestCallbacks.on-end (/app/node_modules/esbuild/lib/main.js:954:54)
    at handleRequest (/app/node_modules/esbuild/lib/main.js:647:17)
    at handleIncomingPacket (/app/node_modules/esbuild/lib/main.js:672:7)
    at Socket.readFromStdout (/app/node_modules/esbuild/lib/main.js:600:7)
